###############################################################################
#
# IAR ELF Linker V8.50.9.278/W32 for ARM                  21/Feb/2021  15:22:49
# Copyright 2007-2020 IAR Systems AB.
#
#    Output file  =
#        G:\Meu Drive\utfpr\2021-1\sistemas
#        embarcados\EK-TM4C1294_IAR8-master\Projects\exercicio1\Debug\Exe\exercicio1.out
#    Map file     =
#        G:\Meu Drive\utfpr\2021-1\sistemas
#        embarcados\EK-TM4C1294_IAR8-master\Projects\exercicio1\Debug\List\exercicio1.map
#    Command line =
#        -f C:\Users\Pichau\AppData\Local\Temp\EW6F6C.tmp ("G:\Meu
#        Drive\utfpr\2021-1\sistemas
#        embarcados\EK-TM4C1294_IAR8-master\TivaWare_C_Series-2.1.4.178\driverlib\ewarm\Exe\driverlib.a"
#        "G:\Meu Drive\utfpr\2021-1\sistemas
#        embarcados\EK-TM4C1294_IAR8-master\Projects\exercicio1\Debug\Obj\exercicio1.o"
#        "G:\Meu Drive\utfpr\2021-1\sistemas
#        embarcados\EK-TM4C1294_IAR8-master\Projects\exercicio1\Debug\Obj\startup_TM4C1294.o"
#        "G:\Meu Drive\utfpr\2021-1\sistemas
#        embarcados\EK-TM4C1294_IAR8-master\Projects\exercicio1\Debug\Obj\system_TM4C1294_TW.o"
#        --no_out_extension -o "G:\Meu Drive\utfpr\2021-1\sistemas
#        embarcados\EK-TM4C1294_IAR8-master\Projects\exercicio1\Debug\Exe\exercicio1.out"
#        --map "G:\Meu Drive\utfpr\2021-1\sistemas
#        embarcados\EK-TM4C1294_IAR8-master\Projects\exercicio1\Debug\List\exercicio1.map"
#        --config "C:\Program Files (x86)\IAR Systems\Embedded Workbench
#        8.4\arm\config\linker\TexasInstruments\TM4C1294NC.icf" --semihosting
#        --entry __iar_program_start --vfe --text_out locale)
#
###############################################################################

*******************************************************************************
*** MESSAGES
***

Warning[Lt009]: Inconsistent wchar_t size
            gpio.o(driverlib.a) and 4 other objects in driverlib.a have wchar_t
                      size 16 bits
            exercicio1.o and 14 other objects, some of them in dl7M_tln.a and
                      11 other libraries have wchar_t size 32 bits


*******************************************************************************
*** RUNTIME MODEL ATTRIBUTES
***

CppFlavor       = *
__SystemLibrary = DLib
__dlib_version  = 6


*******************************************************************************
*** HEAP SELECTION
***

The basic heap was selected because some modules are built with
size limitations (and not runtime checking), and --advanced_heap
was not specified.


*******************************************************************************
*** PLACEMENT SUMMARY
***

"A0":  place at address 0x0 { ro section .intvec };
"P1":  place in [from 0x0 to 0xf'ffff] { ro };
define block CSTACK with size = 32K, alignment = 8 { };
define block HEAP with size = 64K, alignment = 8 { };
"P2":  place in [from 0x2000'0000 to 0x2003'ffff] {
          rw, block CSTACK, block HEAP };

  Section   Kind         Address    Size  Object
  -------   ----         -------    ----  ------
"A0":                              0x3c0
  .intvec   ro code          0x0   0x3c0  startup_TM4C1294.o [1]
                         - 0x3c0   0x3c0

"P1":                              0xaac
  .text     ro code        0x3c0   0x4e0  sysctl.o [3]
  .text     ro code        0x8a0   0x246  DblDiv.o [4]
  .text     ro code        0xae6     0x2  startup_TM4C1294.o [1]
  .text     ro code        0xae8   0x168  gpio.o [3]
  .text     ro code        0xc50   0x10c  exercicio1.o [1]
  .text     ro code        0xd5c    0x28  systick.o [3]
  .text     ro code        0xd84    0x1a  U32ToDbl.o [4]
  .text     ro code        0xda0    0x28  DblToU32.o [4]
  .text     ro code        0xdc8    0x2c  system_TM4C1294_TW.o [1]
  .text     ro code        0xdf4    0x1e  cmain.o [5]
  .text     ro code        0xe12     0x4  low_level_init.o [2]
  .text     ro code        0xe16     0x4  exit.o [2]
  .text     ro code        0xe1c     0xa  cexit.o [5]
  .text     ro code        0xe28    0x14  exit.o [6]
  .text     ro code        0xe3c    0x1c  cstartup_M.o [5]
  .text     ro code        0xe58    0x14  startup_TM4C1294.o [1]
                         - 0xe6c   0xaac

"P2":                             0x8008
  .noinit   uninit   0x2000'0000     0x4  system_TM4C1294_TW.o [1]
  CSTACK             0x2000'0008  0x8000  <Block>
    CSTACK  uninit   0x2000'0008  0x8000  <Block tail>
                   - 0x2000'8008  0x8008

Unused ranges:

         From           To      Size
         ----           --      ----
        0xe6c     0xf'ffff  0xf'f194
  0x2000'8008  0x2003'ffff  0x3'7ff8



*******************************************************************************
*** MODULE SUMMARY
***

    Module                ro code  rw data
    ------                -------  -------
command line/config:
    --------------------------------------
    Total:

G:\Meu Drive\utfpr\2021-1\sistemas embarcados\EK-TM4C1294_IAR8-master\Projects\exercicio1\Debug\Obj: [1]
    exercicio1.o              268
    startup_TM4C1294.o        982
    system_TM4C1294_TW.o       44        4
    --------------------------------------
    Total:                  1'294        4

dl7M_tln.a: [2]
    exit.o                      4
    low_level_init.o            4
    --------------------------------------
    Total:                      8

driverlib.a: [3]
    gpio.o                    360
    sysctl.o                1'248
    systick.o                  40
    --------------------------------------
    Total:                  1'648

m7M_tls.a: [4]
    DblDiv.o                  582
    DblToU32.o                 40
    U32ToDbl.o                 26
    --------------------------------------
    Total:                    648

rt7M_tl.a: [5]
    cexit.o                    10
    cmain.o                    30
    cstartup_M.o               28
    --------------------------------------
    Total:                     68

shb_l.a: [6]
    exit.o                     20
    --------------------------------------
    Total:                     20

    Gaps                        6
    Linker created                  32'768
------------------------------------------
    Grand Total:            3'692   32'772


*******************************************************************************
*** ENTRY LIST
***

Entry                       Address   Size  Type      Object
-----                       -------   ----  ----      ------
?main                         0xdf5         Code  Gb  cmain.o [5]
CSTACK$$Base            0x2000'0008          --   Gb  - Linker created -
CSTACK$$Limit           0x2000'8008          --   Gb  - Linker created -
GPIODirModeSet                0xae9   0x28  Code  Gb  gpio.o [3]
GPIOPadConfigSet              0xb11   0xfe  Code  Gb  gpio.o [3]
GPIOPinTypeGPIOInput          0xc19   0x14  Code  Gb  gpio.o [3]
GPIOPinTypeGPIOOutput         0xc2d    0xa  Code  Gb  gpio.o [3]
GPIOPinWrite                  0xc0f    0x6  Code  Gb  gpio.o [3]
Region$$Table$$Base             0x0          --   Gb  - Linker created -
Region$$Table$$Limit            0x0          --   Gb  - Linker created -
SysCtlClockFreqSet            0x41d  0x204  Code  Gb  sysctl.o [3]
SysCtlPeripheralEnable        0x401    0x8  Code  Gb  sysctl.o [3]
SysCtlPeripheralReady         0x3e1    0x8  Code  Gb  sysctl.o [3]
SysTickEnable                 0xd5d    0xc  Code  Gb  systick.o [3]
SysTickIntEnable              0xd69    0xc  Code  Gb  systick.o [3]
SysTickPeriodSet              0xd75    0x8  Code  Gb  systick.o [3]
SysTick_Handler               0xc51    0x2  Code  Gb  exercicio1.o [1]
SystemCoreClock         0x2000'0000    0x4  Data  Gb  system_TM4C1294_TW.o [1]
SystemInit                    0xdc9   0x1a  Code  Gb  system_TM4C1294_TW.o [1]
_SysCtlMemTimingGet           0x3c1   0x20  Code  Lc  sysctl.o [3]
__Vectors                       0x0          --   Gb  startup_TM4C1294.o [1]
__Vectors_End                 0x3c0         Data  Gb  startup_TM4C1294.o [1]
__Vectors_Size {Abs}          0x3c0          --   Gb  startup_TM4C1294.o [1]
__aeabi_d2uiz                 0xda1         Code  Gb  DblToU32.o [4]
__aeabi_ddiv                  0x8a1         Code  Gb  DblDiv.o [4]
__aeabi_ui2d                  0xd85         Code  Gb  U32ToDbl.o [4]
__cmain                       0xdf5         Code  Gb  cmain.o [5]
__exit                        0xe29   0x14  Code  Gb  exit.o [6]
__iar_init_vfp                0xe61         Code  Wk  startup_TM4C1294.o [1]
__iar_program_start           0xe3d         Code  Gb  cstartup_M.o [5]
__low_level_init              0xe13    0x4  Code  Gb  low_level_init.o [2]
__vector_table                  0x0         Data  Gb  startup_TM4C1294.o [1]
__vector_table_0x1c            0x1c         Data  Gb  startup_TM4C1294.o [1]
_call_main                    0xe01         Code  Gb  cmain.o [5]
_exit                         0xe1d         Code  Gb  cexit.o [5]
_main                         0xe0b         Code  Gb  cmain.o [5]
exit                          0xe17    0x4  Code  Gb  exit.o [2]
g_pppui32XTALtoVCO            0x6b8  0x1b0  Data  Lc  sysctl.o [3]
g_pui32VCOFrequencies         0x898    0x8  Data  Lc  sysctl.o [3]
g_pui32Xtals                  0x64c   0x6c  Data  Lc  sysctl.o [3]
g_sXTALtoMEMTIM               0x868   0x30  Data  Lc  sysctl.o [3]
main                          0xc53   0xea  Code  Gb  exercicio1.o [1]


[1] = G:\Meu Drive\utfpr\2021-1\sistemas embarcados\EK-TM4C1294_IAR8-master\Projects\exercicio1\Debug\Obj
[2] = dl7M_tln.a
[3] = driverlib.a
[4] = m7M_tls.a
[5] = rt7M_tl.a
[6] = shb_l.a

   3'692 bytes of readonly  code memory
  32'772 bytes of readwrite data memory

Errors: none
Warnings: 1
