###############################################################################
#
# IAR ELF Linker V8.50.9.278/W32 for ARM                  19/May/2021  23:15:59
# Copyright 2007-2020 IAR Systems AB.
#
#    Output file  =
#        G:\Meu Drive\utfpr\2021-1\sistemas
#        embarcados\EK-TM4C1294_RTOS_IAR8-master\Projects\tarefas\ewarm\Exe\tarefas.out
#    Map file     =
#        G:\Meu Drive\utfpr\2021-1\sistemas
#        embarcados\EK-TM4C1294_RTOS_IAR8-master\Projects\tarefas\ewarm\List\tarefas.map
#    Command line =
#        -f C:\Users\Pichau\AppData\Local\Temp\EWB24C.tmp ("G:\Meu
#        Drive\utfpr\2021-1\sistemas
#        embarcados\EK-TM4C1294_RTOS_IAR8-master\Projects\tarefas\ewarm\Obj\driverbuttons.o"
#        "G:\Meu Drive\utfpr\2021-1\sistemas
#        embarcados\EK-TM4C1294_RTOS_IAR8-master\Projects\tarefas\ewarm\Obj\driverleds.o"
#        "G:\Meu Drive\utfpr\2021-1\sistemas
#        embarcados\EK-TM4C1294_RTOS_IAR8-master\TivaWare_C_Series-2.1.4.178\driverlib\ewarm\Exe\driverlib.a"
#        "G:\Meu Drive\utfpr\2021-1\sistemas
#        embarcados\EK-TM4C1294_RTOS_IAR8-master\CMSIS-5.6.0\CMSIS\RTOS2\RTX\Library\IAR\IDE\CM4F\Exe\RTX_CM.a"
#        "G:\Meu Drive\utfpr\2021-1\sistemas
#        embarcados\EK-TM4C1294_RTOS_IAR8-master\Projects\tarefas\ewarm\Obj\RTX_Config.o"
#        "G:\Meu Drive\utfpr\2021-1\sistemas
#        embarcados\EK-TM4C1294_RTOS_IAR8-master\Projects\tarefas\ewarm\Obj\rtx_lib.o"
#        "G:\Meu Drive\utfpr\2021-1\sistemas
#        embarcados\EK-TM4C1294_RTOS_IAR8-master\Projects\tarefas\ewarm\Obj\startup_TM4C1294.o"
#        "G:\Meu Drive\utfpr\2021-1\sistemas
#        embarcados\EK-TM4C1294_RTOS_IAR8-master\Projects\tarefas\ewarm\Obj\system_TM4C1294_TW.o"
#        "G:\Meu Drive\utfpr\2021-1\sistemas
#        embarcados\EK-TM4C1294_RTOS_IAR8-master\Projects\tarefas\ewarm\Obj\tarefas.o"
#        "G:\Meu Drive\utfpr\2021-1\sistemas
#        embarcados\EK-TM4C1294_RTOS_IAR8-master\Projects\tarefas\ewarm\Obj\uartstdio.o"
#        --no_out_extension -o "G:\Meu Drive\utfpr\2021-1\sistemas
#        embarcados\EK-TM4C1294_RTOS_IAR8-master\Projects\tarefas\ewarm\Exe\tarefas.out"
#        --map "G:\Meu Drive\utfpr\2021-1\sistemas
#        embarcados\EK-TM4C1294_RTOS_IAR8-master\Projects\tarefas\ewarm\List\tarefas.map"
#        --config "C:\Program Files (x86)\IAR Systems\Embedded Workbench
#        8.4\arm\config\linker\TexasInstruments\TM4C1294NC.icf" --semihosting
#        --entry __iar_program_start --vfe --text_out locale)
#
###############################################################################

*******************************************************************************
*** RUNTIME MODEL ATTRIBUTES
***

CppFlavor       = *
__SystemLibrary = DLib
__dlib_version  = 6


*******************************************************************************
*** HEAP SELECTION
***

The basic heap was selected because some modules are built with
size limitations (and not runtime checking), and --advanced_heap
was not specified.


*******************************************************************************
*** PLACEMENT SUMMARY
***

"A0":  place at address 0x0 { ro section .intvec };
"P1":  place in [from 0x0 to 0xf'ffff] { ro };
define block CSTACK with size = 32K, alignment = 8 { };
define block HEAP with size = 64K, alignment = 8 { };
"P2":  place in [from 0x2000'0000 to 0x2003'ffff] {
          rw, block CSTACK, block HEAP };
initialize by copy { rw };

  Section               Kind         Address    Size  Object
  -------               ----         -------    ----  ------
"A0":                                          0x3c0
  .intvec               ro code          0x0   0x3c0  startup_TM4C1294.o [1]
                                     - 0x3c0   0x3c0

"P1":                                         0x4f35
  .text                 ro code        0x3c0   0xda6  xprintflarge_nomb.o [3]
  .text                 ro code       0x1166    0x3a  zero_init3.o [6]
  .text                 ro code       0x11a0    0x16  strchr.o [6]
  .text                 ro code       0x11b6    0x1a  xsnprout.o [3]
  .text                 ro code       0x11d0    0x40  xfail_s.o [3]
  .text                 ro code       0x1210    0x36  strlen.o [6]
  .text                 ro code       0x1246     0x2  RTX_Config.o [1]
  .text                 ro code       0x1248    0x58  memchr.o [6]
  .text                 ro code       0x12a0    0xa6  ABImemcpy.o [6]
  .text                 ro code       0x1346     0x2  startup_TM4C1294.o [1]
  .text                 ro code       0x1348    0x70  frexp.o [5]
  .text                 ro code       0x13b8   0x246  DblDiv.o [5]
  .text                 ro code       0x1600    0x28  DblToU32.o [5]
  .text                 ro code       0x1628    0x1a  U32ToDbl.o [5]
  .text                 ro code       0x1644    0xe2  DblSub.o [5]
  .text                 ro code       0x1728   0x1a2  DblMul.o [5]
  .text                 ro code       0x18cc   0x230  I64DivMod.o [6]
  .text                 ro code       0x1afc     0x6  abort.o [3]
  .text                 ro code       0x1b04   0x17a  DblAdd.o [5]
  .text                 ro code       0x1c80     0x2  I64DivZer.o [6]
  .text                 ro code       0x1c84    0x14  exit.o [7]
  .text                 ro code       0x1c98   0x788  rtx_thread.o [2]
  .text                 ro code       0x2420     0x2  rtx_evr.o [2]
  .text                 ro code       0x2422     0x2  rtx_evr.o [2]
  .text                 ro code       0x2424     0x2  rtx_evr.o [2]
  .text                 ro code       0x2426     0x2  rtx_evr.o [2]
  .text                 ro code       0x2428     0x2  rtx_evr.o [2]
  .text                 ro code       0x242a     0x2  rtx_evr.o [2]
  .text                 ro code       0x242c     0x2  rtx_evr.o [2]
  .text                 ro code       0x242e     0x2  rtx_evr.o [2]
  .text                 ro code       0x2430     0x2  rtx_evr.o [2]
  .text                 ro code       0x2432     0x2  rtx_evr.o [2]
  .text                 ro code       0x2434     0x2  rtx_evr.o [2]
  .text                 ro code       0x2436     0x2  rtx_evr.o [2]
  .text                 ro code       0x2438     0x2  rtx_evr.o [2]
  .text                 ro code       0x243c    0xe6  rtx_mempool.o [2]
  .text                 ro code       0x2522     0x2  rtx_evr.o [2]
  .text                 ro code       0x2524    0x82  rtx_memory.o [2]
  .text                 ro code       0x25a8     0x6  ABImemclr4.o [6]
  .text                 ro code       0x25ae     0x2  rtx_evr.o [2]
  .text                 ro code       0x25b0    0x4a  rtx_memory.o [2]
  .text                 ro code       0x25fc   0x34c  rtx_mutex.o [2]
  .text                 ro code       0x2948     0x2  rtx_evr.o [2]
  .text                 ro code       0x294a     0x2  rtx_evr.o [2]
  .text                 ro code       0x294c     0x2  rtx_evr.o [2]
  .text                 ro code       0x294e     0x2  rtx_evr.o [2]
  .text                 ro code       0x2950    0x20  RTX_Config.o [1]
  .text                 ro code       0x2970     0x2  rtx_evr.o [2]
  .text                 ro code       0x2972     0x2  rtx_evr.o [2]
  .text                 ro code       0x2974     0x2  rtx_evr.o [2]
  .text                 ro code       0x2976     0x2  rtx_evr.o [2]
  .text                 ro code       0x2978    0x32  ABImemset48.o [6]
  .text                 ro code       0x29aa     0x2  rtx_evr.o [2]
  .text                 ro code       0x29ac     0x2  rtx_evr.o [2]
  .text                 ro code       0x29ae     0x2  rtx_evr.o [2]
  .text                 ro code       0x29b0     0x2  rtx_evr.o [2]
  .text                 ro code       0x29b2     0x2  rtx_evr.o [2]
  .text                 ro code       0x29b4     0x2  rtx_evr.o [2]
  .text                 ro code       0x29b6     0x2  rtx_evr.o [2]
  .text                 ro code       0x29b8     0x2  rtx_evr.o [2]
  .text                 ro code       0x29ba     0x2  rtx_evr.o [2]
  .text                 ro code       0x29bc     0x2  rtx_evr.o [2]
  .text                 ro code       0x29c0   0x61c  rtx_msgqueue.o [2]
  .text                 ro code       0x2fdc     0x2  rtx_evr.o [2]
  .text                 ro code       0x2fde     0x2  rtx_evr.o [2]
  .text                 ro code       0x2fe0     0x2  rtx_evr.o [2]
  .text                 ro code       0x2fe4     0x6  ABImemclr.o [6]
  .text                 ro code       0x2fea     0x2  rtx_evr.o [2]
  .text                 ro code       0x2fec     0x2  rtx_evr.o [2]
  .text                 ro code       0x2fee     0x2  rtx_evr.o [2]
  .text                 ro code       0x2ff0     0x2  rtx_evr.o [2]
  .text                 ro code       0x2ff2     0x2  rtx_evr.o [2]
  .text                 ro code       0x2ff4     0x2  rtx_evr.o [2]
  .text                 ro code       0x2ff6     0x2  rtx_evr.o [2]
  .text                 ro code       0x2ff8   0x174  rtx_system.o [2]
  .text                 ro code       0x316c     0x2  rtx_evr.o [2]
  .text                 ro code       0x316e     0x2  rtx_evr.o [2]
  .text                 ro code       0x3170    0x66  ABImemset.o [6]
  .text                 ro code       0x31d8     0xc  os_systick.o [2]
  .text                 ro code       0x31e4   0x500  strto64.o [5]
  .text                 ro code       0x36e4   0x13a  ldexp.o [5]
  .text                 ro code       0x381e   0x120  iar_Stopfx.o [3]
  .text                 ro code       0x3940   0x1a8  iar_Stoflt.o [3]
  .text                 ro code       0x3ae8    0x22  S32ToDbl.o [5]
  .text                 ro code       0x3b0c   0x20c  iar_Stoxflt.o [3]
  .text                 ro code       0x3d18   0x444  tarefas.o [1]
  .text                 ro code       0x415c    0x64  rtx_delay.o [2]
  .text                 ro code       0x41c0    0x84  uartstdio.o [1]
  .text                 ro code       0x4244    0xe2  uart.o [4]
  .text                 ro code       0x4328     0xe  math_wrappers64.o [5]
  .text                 ro code       0x4338    0x68  DblToFlt.o [5]
  .text                 ro code       0x43a0    0x44  snprintf.o [3]
  .text                 ro code       0x43e4    0x2c  system_TM4C1294_TW.o [1]
  .text                 ro code       0x4410   0x294  rtx_kernel.o [2]
  .text                 ro code       0x46a4   0x2ac  sysctl.o [4]
  .text                 ro code       0x4950   0x18c  gpio.o [4]
  .text                 ro code       0x4adc    0x18  strcpy.o [6]
  .text                 ro code       0x4af4    0x48  FltToDbl.o [5]
  .text                 ro code       0x4b3c     0x2  rtx_evr.o [2]
  .text                 ro code       0x4b3e     0x2  rtx_evr.o [2]
  .text                 ro code       0x4b40     0x2  rtx_evr.o [2]
  .text                 ro code       0x4b42     0x2  rtx_evr.o [2]
  .text                 ro code       0x4b44    0x44  rtx_memory.o [2]
  .text                 ro code       0x4b88     0x2  rtx_evr.o [2]
  .text                 ro code       0x4b8a     0x2  rtx_evr.o [2]
  .text                 ro code       0x4b8c    0x40  os_systick.o [2]
  .text                 ro code       0x4bcc     0x6  os_systick.o [2]
  .text                 ro code       0x4bd4    0x2c  os_systick.o [2]
  .text                 ro code       0x4c00     0x2  rtx_evr.o [2]
  .text                 ro code       0x4c02     0x2  rtx_lib.o [1]
  .text                 ro code       0x4c04     0x2  rtx_evr.o [2]
  .text                 ro code       0x4c06     0x2  rtx_evr.o [2]
  .text                 ro code       0x4c08     0x2  rtx_evr.o [2]
  .rodata               const         0x4c0c   0x1b0  sysctl.o [4]
  .text                 ro code       0x4dbc    0xd4  rtx_timer.o [2]
  .text                 ro code       0x4e90     0x2  rtx_evr.o [2]
  .text                 ro code       0x4e94    0xc4  irq_cm4f.o [2]
  .rodata               const         0x4f58    0x90  gpio.o [4]
  .rodata               const         0x4fe8    0x6c  sysctl.o [4]
  .rodata               const         0x5054    0x68  rtx_lib.o [1]
  .rodata               const         0x50bc    0x24  rtx_lib.o [1]
  .rodata               const         0x50e0    0x48  strto64.o [5]
  .text                 ro code       0x5128    0x38  packbits_init_single.o [6]
  .rodata               const         0x5160    0x30  sysctl.o [4]
  .text                 ro code       0x5190    0x28  data_init.o [6]
  .rodata               const         0x51b8    0x24  rtx_lib.o [1]
  .rodata               const         0x51dc    0x24  tarefas.o [1]
  .iar.init_table       const         0x5200    0x20  - Linker created -
  .text                 ro code       0x5220    0x1e  cmain.o [6]
  .text                 ro code       0x523e     0x4  low_level_init.o [3]
  .text                 ro code       0x5242     0x4  exit.o [3]
  .text                 ro code       0x5248     0xa  cexit.o [6]
  .text                 ro code       0x5254    0x1c  cstartup_M.o [6]
  .text                 ro code       0x5270    0x14  startup_TM4C1294.o [1]
  .rodata               const         0x5284    0x18  rtx_lib.o [1]
  .rodata               const         0x529c     0xc  uartstdio.o [1]
  .rodata               const         0x52a8     0xc  uartstdio.o [1]
  .rodata               const         0x52b4     0x8  tarefas.o [1]
  .rodata               const         0x52bc     0x8  tarefas.o [1]
  .rodata               const         0x52c4     0x8  tarefas.o [1]
  .rodata               const         0x52cc     0x8  tarefas.o [1]
  .rodata               const         0x52d4     0x4  rtx_lib.o [1]
  .rodata               const         0x52d8     0x4  tarefas.o [1]
  .rodata               const         0x52dc     0x0  zero_init3.o [6]
  .rodata               const         0x52dc     0x0  packbits_init_single.o [6]
  Initializer bytes     const         0x52dc    0x19  <for P2-1>
                                    - 0x52f5  0x4f35

"P2", part 1 of 3:                              0xb0
  P2-1                           0x2000'0000    0xb0  <Init block>
    .data               inited   0x2000'0000     0x4  tarefas.o [1]
    .data               inited   0x2000'0004     0x4  tarefas.o [1]
    .data               inited   0x2000'0008     0x4  tarefas.o [1]
    .data.os            inited   0x2000'000c    0xa4  rtx_kernel.o [2]
                               - 0x2000'00b0    0xb0

"P2", part 2 of 3:                            0x1418
  .bss.os               zero     0x2000'00b0  0x1000  rtx_lib.o [1]
  .bss.os.thread.stack  zero     0x2000'10b0   0x100  rtx_lib.o [1]
  .bss.os.thread.stack  zero     0x2000'11b0   0x100  rtx_lib.o [1]
  .bss.os.msgqueue.mem  zero     0x2000'12b0    0x50  rtx_lib.o [1]
  .bss.os.thread.cb     zero     0x2000'1300    0x44  rtx_lib.o [1]
  .bss.os.thread.cb     zero     0x2000'1344    0x44  rtx_lib.o [1]
  .bss.os               zero     0x2000'1388    0x40  rtx_lib.o [1]
  .bss                  zero     0x2000'13c8    0x34  tarefas.o [1]
  .bss                  zero     0x2000'13fc    0x34  tarefas.o [1]
  .bss                  zero     0x2000'1430    0x34  tarefas.o [1]
  .bss.os.msgqueue.cb   zero     0x2000'1464    0x34  rtx_lib.o [1]
  .bss                  zero     0x2000'1498     0x4  tarefas.o [1]
  .bss                  zero     0x2000'149c     0x4  tarefas.o [1]
  .bss                  zero     0x2000'14a0     0x4  tarefas.o [1]
  .bss                  zero     0x2000'14a4     0x4  tarefas.o [1]
  .bss                  zero     0x2000'14a8     0x4  tarefas.o [1]
  .bss                  zero     0x2000'14ac     0x4  tarefas.o [1]
  .bss                  zero     0x2000'14b0     0x4  tarefas.o [1]
  .bss                  zero     0x2000'14b4     0x4  tarefas.o [1]
  .bss                  zero     0x2000'14b8     0x4  tarefas.o [1]
  .bss                  zero     0x2000'14bc     0x4  uartstdio.o [1]
  .bss                  zero     0x2000'14c0     0x4  xfail_s.o [3]
  .bss                  zero     0x2000'14c4     0x1  tarefas.o [1]
  .bss                  zero     0x2000'14c5     0x1  tarefas.o [1]
  .bss                  zero     0x2000'14c6     0x1  os_systick.o [2]
                               - 0x2000'14c7  0x1417

"P2", part 3 of 3:                            0x8008
  .noinit               uninit   0x2000'14c8     0x4  system_TM4C1294_TW.o [1]
  CSTACK                         0x2000'14d0  0x8000  <Block>
    CSTACK              uninit   0x2000'14d0  0x8000  <Block tail>
                               - 0x2000'94d0  0x8008

Unused ranges:

         From           To      Size
         ----           --      ----
       0x52f5     0xf'ffff  0xf'ad0b
  0x2000'94d0  0x2003'ffff  0x3'6b30


*******************************************************************************
*** INIT TABLE
***

          Address      Size
          -------      ----
Zero (__iar_zero_init3)
    1 destination range, total size 0x1417:
          0x2000'00b0  0x1417

Copy/packbits (__iar_packbits_init_single3)
    1 source range, total size 0x19 (14% of destination):
               0x52dc    0x19
    1 destination range, total size 0xb0:
          0x2000'0000    0xb0



*******************************************************************************
*** MODULE SUMMARY
***

    Module                  ro code  ro data  rw data
    ------                  -------  -------  -------
command line/config:
    -------------------------------------------------
    Total:

G:\Meu Drive\utfpr\2021-1\sistemas embarcados\EK-TM4C1294_RTOS_IAR8-master\Projects\tarefas\ewarm\Obj: [1]
    RTX_Config.o                 34
    rtx_lib.o                     2      204    4'940
    startup_TM4C1294.o          982
    system_TM4C1294_TW.o         44                 4
    tarefas.o                 1'092       73      206
    uartstdio.o                 132       24        4
    -------------------------------------------------
    Total:                    2'286      301    5'154

RTX_CM.a: [2]
    irq_cm4f.o                  196
    os_systick.o                126                 1
    rtx_delay.o                 100
    rtx_evr.o                   112
    rtx_kernel.o                660       24      164
    rtx_memory.o                272
    rtx_mempool.o               230
    rtx_msgqueue.o            1'564
    rtx_mutex.o                 844
    rtx_system.o                372
    rtx_thread.o              1'928
    rtx_timer.o                 212
    -------------------------------------------------
    Total:                    6'616       24      165

dl7M_tln.a: [3]
    abort.o                       6
    exit.o                        4
    iar_Stoflt.o                424
    iar_Stopfx.o                288
    iar_Stoxflt.o               524
    low_level_init.o              4
    snprintf.o                   68
    xfail_s.o                    64                 4
    xprintflarge_nomb.o       3'494
    xsnprout.o                   26
    -------------------------------------------------
    Total:                    4'902                 4

driverlib.a: [4]
    gpio.o                      396      144
    sysctl.o                    684      588
    uart.o                      226
    -------------------------------------------------
    Total:                    1'306      732

m7M_tls.a: [5]
    DblAdd.o                    378
    DblDiv.o                    582
    DblMul.o                    418
    DblSub.o                    226
    DblToFlt.o                  104
    DblToU32.o                   40
    FltToDbl.o                   72
    S32ToDbl.o                   34
    U32ToDbl.o                   26
    frexp.o                     112
    ldexp.o                     314
    math_wrappers64.o            14
    strto64.o                 1'280       72
    -------------------------------------------------
    Total:                    3'600       72

rt7M_tl.a: [6]
    ABImemclr.o                   6
    ABImemclr4.o                  6
    ABImemcpy.o                 166
    ABImemset.o                 102
    ABImemset48.o                50
    I64DivMod.o                 560
    I64DivZer.o                   2
    cexit.o                      10
    cmain.o                      30
    cstartup_M.o                 28
    data_init.o                  40
    memchr.o                     88
    packbits_init_single.o       56
    strchr.o                     22
    strcpy.o                     24
    strlen.o                     54
    zero_init3.o                 58
    -------------------------------------------------
    Total:                    1'302

shb_l.a: [7]
    exit.o                       20
    -------------------------------------------------
    Total:                       20

    Gaps                         42        2
    Linker created                        32   32'768
-----------------------------------------------------
    Grand Total:             20'074    1'163   38'091


*******************************************************************************
*** ENTRY LIST
***

Entry                       Address    Size  Type      Object
-----                       -------    ----  ----      ------
.iar.init_table$$Base        0x5200           --   Gb  - Linker created -
.iar.init_table$$Limit       0x5220           --   Gb  - Linker created -
?main                        0x5221          Code  Gb  cmain.o [6]
CSTACK$$Base            0x2000'14d0           --   Gb  - Linker created -
CSTACK$$Limit           0x2000'94d0           --   Gb  - Linker created -
Dtentox                      0x32bd   0x234  Code  Lc  strto64.o [5]
EvrRtxDelay                  0x4b3f     0x2  Code  Wk  rtx_evr.o [2]
EvrRtxDelayCompleted         0x2421     0x2  Code  Wk  rtx_evr.o [2]
EvrRtxDelayError             0x4b41     0x2  Code  Wk  rtx_evr.o [2]
EvrRtxDelayStarted           0x4b3d     0x2  Code  Wk  rtx_evr.o [2]
EvrRtxEventFlagsWaitTimeout
                             0x2425     0x2  Code  Wk  rtx_evr.o [2]
EvrRtxKernelError            0x4b43     0x2  Code  Wk  rtx_evr.o [2]
EvrRtxKernelGetState         0x4b8b     0x2  Code  Wk  rtx_evr.o [2]
EvrRtxKernelInitialize       0x4c05     0x2  Code  Wk  rtx_evr.o [2]
EvrRtxKernelInitialized
                             0x4b89     0x2  Code  Wk  rtx_evr.o [2]
EvrRtxKernelStart            0x4c07     0x2  Code  Wk  rtx_evr.o [2]
EvrRtxKernelStarted          0x4c01     0x2  Code  Wk  rtx_evr.o [2]
EvrRtxMemoryAlloc            0x2977     0x2  Code  Wk  rtx_evr.o [2]
EvrRtxMemoryBlockAlloc       0x2973     0x2  Code  Wk  rtx_evr.o [2]
EvrRtxMemoryBlockFree        0x2975     0x2  Code  Wk  rtx_evr.o [2]
EvrRtxMemoryBlockInit        0x2971     0x2  Code  Wk  rtx_evr.o [2]
EvrRtxMemoryFree             0x29ab     0x2  Code  Wk  rtx_evr.o [2]
EvrRtxMemoryInit             0x4c09     0x2  Code  Wk  rtx_evr.o [2]
EvrRtxMemoryPoolAllocTimeout
                             0x242b     0x2  Code  Wk  rtx_evr.o [2]
EvrRtxMessageQueueCreated
                             0x2feb     0x2  Code  Wk  rtx_evr.o [2]
EvrRtxMessageQueueError
                             0x2fe1     0x2  Code  Wk  rtx_evr.o [2]
EvrRtxMessageQueueGet        0x316f     0x2  Code  Wk  rtx_evr.o [2]
EvrRtxMessageQueueGetPending
                             0x2ff1     0x2  Code  Wk  rtx_evr.o [2]
EvrRtxMessageQueueGetTimeout
                             0x242d     0x2  Code  Wk  rtx_evr.o [2]
EvrRtxMessageQueueInsertPending
                             0x316d     0x2  Code  Wk  rtx_evr.o [2]
EvrRtxMessageQueueInserted
                             0x2fdd     0x2  Code  Wk  rtx_evr.o [2]
EvrRtxMessageQueueNew        0x2ff5     0x2  Code  Wk  rtx_evr.o [2]
EvrRtxMessageQueueNotInserted
                             0x2fef     0x2  Code  Wk  rtx_evr.o [2]
EvrRtxMessageQueueNotRetrieved
                             0x2ff3     0x2  Code  Wk  rtx_evr.o [2]
EvrRtxMessageQueuePut        0x2ff7     0x2  Code  Wk  rtx_evr.o [2]
EvrRtxMessageQueuePutPending
                             0x2fed     0x2  Code  Wk  rtx_evr.o [2]
EvrRtxMessageQueuePutTimeout
                             0x242f     0x2  Code  Wk  rtx_evr.o [2]
EvrRtxMessageQueueRetrieved
                             0x2fdf     0x2  Code  Wk  rtx_evr.o [2]
EvrRtxMutexAcquire           0x29bb     0x2  Code  Wk  rtx_evr.o [2]
EvrRtxMutexAcquirePending
                             0x29b5     0x2  Code  Wk  rtx_evr.o [2]
EvrRtxMutexAcquireTimeout
                             0x2427     0x2  Code  Wk  rtx_evr.o [2]
EvrRtxMutexAcquired          0x29af     0x2  Code  Wk  rtx_evr.o [2]
EvrRtxMutexCreated           0x29b3     0x2  Code  Wk  rtx_evr.o [2]
EvrRtxMutexError             0x29b1     0x2  Code  Wk  rtx_evr.o [2]
EvrRtxMutexNew               0x29b9     0x2  Code  Wk  rtx_evr.o [2]
EvrRtxMutexNotAcquired       0x29b7     0x2  Code  Wk  rtx_evr.o [2]
EvrRtxMutexRelease           0x29bd     0x2  Code  Wk  rtx_evr.o [2]
EvrRtxMutexReleased          0x29ad     0x2  Code  Wk  rtx_evr.o [2]
EvrRtxSemaphoreAcquireTimeout
                             0x2429     0x2  Code  Wk  rtx_evr.o [2]
EvrRtxThreadBlocked          0x2437     0x2  Code  Wk  rtx_evr.o [2]
EvrRtxThreadCreated          0x25af     0x2  Code  Wk  rtx_evr.o [2]
EvrRtxThreadDestroyed        0x294b     0x2  Code  Wk  rtx_evr.o [2]
EvrRtxThreadError            0x2523     0x2  Code  Wk  rtx_evr.o [2]
EvrRtxThreadExit             0x294f     0x2  Code  Wk  rtx_evr.o [2]
EvrRtxThreadFlagsWaitCompleted
                             0x2439     0x2  Code  Wk  rtx_evr.o [2]
EvrRtxThreadFlagsWaitTimeout
                             0x2423     0x2  Code  Wk  rtx_evr.o [2]
EvrRtxThreadJoined           0x2949     0x2  Code  Wk  rtx_evr.o [2]
EvrRtxThreadNew              0x294d     0x2  Code  Wk  rtx_evr.o [2]
EvrRtxThreadPreempted        0x2433     0x2  Code  Wk  rtx_evr.o [2]
EvrRtxThreadSwitched         0x2435     0x2  Code  Wk  rtx_evr.o [2]
EvrRtxThreadUnblocked        0x2431     0x2  Code  Wk  rtx_evr.o [2]
EvrRtxTimerCallback          0x4e91     0x2  Code  Wk  rtx_evr.o [2]
GPIODirModeSet               0x4951    0x28  Code  Gb  gpio.o [4]
GPIOPadConfigSet             0x4979   0x102  Code  Gb  gpio.o [4]
GPIOPinConfigure             0x4a9b    0x36  Code  Gb  gpio.o [4]
GPIOPinTypeUART              0x4a87    0x14  Code  Gb  gpio.o [4]
MessageQueueGet              0x2a0d    0x40  Code  Lc  rtx_msgqueue.o [2]
MessageQueuePut              0x29c1    0x4a  Code  Lc  rtx_msgqueue.o [2]
MessageQueueRemove           0x2a4d    0x1a  Code  Lc  rtx_msgqueue.o [2]
OS_Tick_AcknowledgeIRQ       0x31d9     0xc  Code  Wk  os_systick.o [2]
OS_Tick_Enable               0x4bd5    0x2c  Code  Wk  os_systick.o [2]
OS_Tick_GetIRQn              0x4bcd     0x6  Code  Wk  os_systick.o [2]
OS_Tick_Setup                0x4b8d    0x40  Code  Wk  os_systick.o [2]
PendST                  0x2000'14c6     0x1  Data  Lc  os_systick.o [2]
PendSV_Handler               0x4f2d          Code  Gb  irq_cm4f.o [2]
Region$$Table$$Base          0x5200           --   Gb  - Linker created -
Region$$Table$$Limit         0x5220           --   Gb  - Linker created -
SVC_Handler                  0x4e95          Code  Gb  irq_cm4f.o [2]
SysCtlClockFreqSet           0x470f   0x1fc  Code  Gb  sysctl.o [4]
SysCtlPeripheralEnable       0x46f1     0x8  Code  Gb  sysctl.o [4]
SysCtlPeripheralPresent
                             0x46c5     0xa  Code  Gb  sysctl.o [4]
SysCtlPeripheralReady        0x46cf     0x8  Code  Gb  sysctl.o [4]
SysTick_Handler              0x4f3d          Code  Gb  irq_cm4f.o [2]
SystemCoreClock         0x2000'14c8     0x4  Data  Gb  system_TM4C1294_TW.o [1]
SystemInit                   0x43e5    0x1a  Code  Gb  system_TM4C1294_TW.o [1]
ThreadFlagsCheck             0x1c99    0x6c  Code  Lc  rtx_thread.o [2]
TimerInsert                  0x4dbd    0x38  Code  Lc  rtx_timer.o [2]
UARTBusy                     0x431b     0xc  Code  Gb  uart.o [4]
UARTCharGetNonBlocking       0x42f7    0x14  Code  Gb  uart.o [4]
UARTCharPut                  0x430b    0x10  Code  Gb  uart.o [4]
UARTCharsAvail               0x42e5     0x8  Code  Gb  uart.o [4]
UARTConfigSetExpClk          0x4245    0x5c  Code  Gb  uart.o [4]
UARTDisable                  0x42bb    0x22  Code  Gb  uart.o [4]
UARTEnable                   0x42a1    0x1a  Code  Gb  uart.o [4]
UARTStdioConfig              0x41c1    0x48  Code  Gb  uartstdio.o [1]
UARTwrite                    0x4209    0x2e  Code  Gb  uartstdio.o [1]
_LitobLargeNoMb               0xf3d   0x10a  Code  Lc  xprintflarge_nomb.o [3]
_PrintfLargeNoMb              0x3c1   0xb76  Code  Gb  xprintflarge_nomb.o [3]
_PutcharLargeNoMb            0x10ad    0x20  Code  Lc  xprintflarge_nomb.o [3]
_PutcharsLargeNoMb           0x10cd    0x2e  Code  Lc  xprintflarge_nomb.o [3]
_SNProut                     0x11b7    0x1a  Code  Gb  xsnprout.o [3]
_SysCtlMemTimingGet          0x46a5    0x20  Code  Lc  sysctl.o [4]
__Vectors                       0x0           --   Gb  startup_TM4C1294.o [1]
__Vectors_End                 0x3c0          Data  Gb  startup_TM4C1294.o [1]
__Vectors_Size {Abs}          0x3c0           --   Gb  startup_TM4C1294.o [1]
__aeabi_d2f                  0x4339          Code  Gb  DblToFlt.o [5]
__aeabi_d2uiz                0x1601          Code  Gb  DblToU32.o [5]
__aeabi_dadd                 0x1b05          Code  Gb  DblAdd.o [5]
__aeabi_ddiv                 0x13b9          Code  Gb  DblDiv.o [5]
__aeabi_dmul                 0x1729          Code  Gb  DblMul.o [5]
__aeabi_dsub                 0x1645          Code  Gb  DblSub.o [5]
__aeabi_f2d                  0x4af5          Code  Gb  FltToDbl.o [5]
__aeabi_i2d                  0x3ae9          Code  Gb  S32ToDbl.o [5]
__aeabi_ldiv0                0x1c81          Code  Gb  I64DivZer.o [6]
__aeabi_memclr               0x2fe5          Code  Gb  ABImemclr.o [6]
__aeabi_memclr4              0x25a9          Code  Gb  ABImemclr4.o [6]
__aeabi_memcpy               0x12a1          Code  Gb  ABImemcpy.o [6]
__aeabi_memcpy4              0x12c1          Code  Gb  ABImemcpy.o [6]
__aeabi_memcpy8              0x12c1          Code  Gb  ABImemcpy.o [6]
__aeabi_memset               0x3171          Code  Gb  ABImemset.o [6]
__aeabi_ui2d                 0x1629          Code  Gb  U32ToDbl.o [5]
__aeabi_uldivmod             0x18cd          Code  Gb  I64DivMod.o [6]
__cmain                      0x5221          Code  Gb  cmain.o [6]
__exit                       0x1c85    0x14  Code  Gb  exit.o [7]
__iar_Fail_s                 0x11d1    0x1c  Code  Gb  xfail_s.o [3]
__iar_Memchr                 0x1249          Code  Gb  memchr.o [6]
__iar_Memset                 0x3171          Code  Gb  ABImemset.o [6]
__iar_Memset4_word           0x2979          Code  Gb  ABImemset48.o [6]
__iar_Memset8_word           0x2979          Code  Gb  ABImemset48.o [6]
__iar_Memset_word            0x3179          Code  Gb  ABImemset.o [6]
__iar_Sto64                  0x3501   0x198  Code  Gb  strto64.o [5]
__iar_Stoflt                 0x3941   0x1a8  Code  Gb  iar_Stoflt.o [3]
__iar_Stopfx                 0x381f   0x120  Code  Gb  iar_Stopfx.o [3]
__iar_Stoxflt                0x3b0d   0x1d6  Code  Gb  iar_Stoxflt.o [3]
__iar_Stoxflt::digits        0x3ce8    0x18  Data  Lc  iar_Stoxflt.o [3]
__iar_Stoxflt::vals          0x3d00    0x18  Data  Lc  iar_Stoxflt.o [3]
__iar_Strchr                 0x11a1          Code  Gb  strchr.o [6]
__iar_dadd                   0x1655          Code  Gb  DblSub.o [5]
__iar_data_init3             0x5191    0x28  Code  Gb  data_init.o [6]
__iar_dsub                   0x1b15          Code  Gb  DblAdd.o [5]
__iar_dsubStart              0x1b27          Code  Gb  DblAdd.o [5]
__iar_frexp                  0x1355          Code  Gb  frexp.o [5]
__iar_frexpl                 0x1355          Code  Gb  frexp.o [5]
__iar_init_vfp               0x5279          Code  Wk  startup_TM4C1294.o [1]
__iar_ldexp64                0x36e5          Code  Gb  ldexp.o [5]
__iar_packbits_init_single3
                             0x5129    0x38  Code  Gb  packbits_init_single.o [6]
__iar_program_start          0x5255          Code  Gb  cstartup_M.o [6]
__iar_scalbln64              0x36e5          Code  Gb  ldexp.o [5]
__iar_scalbn64               0x36e5          Code  Gb  ldexp.o [5]
__iar_softfp___iar_frexp64
                             0x1349          Code  Gb  frexp.o [5]
__iar_softfp_frexp           0x1349          Code  Gb  frexp.o [5]
__iar_softfp_frexpl          0x1349          Code  Gb  frexp.o [5]
__iar_vfp_atof               0x432f     0x8  Code  Gb  math_wrappers64.o [5]
__iar_zero_init3             0x1167    0x3a  Code  Gb  zero_init3.o [6]
__low_level_init             0x523f     0x4  Code  Gb  low_level_init.o [3]
__vector_table                  0x0          Data  Gb  startup_TM4C1294.o [1]
__vector_table_0x1c            0x1c          Data  Gb  startup_TM4C1294.o [1]
_call_main                   0x522d          Code  Gb  cmain.o [6]
_exit                        0x5249          Code  Gb  cexit.o [6]
_main                        0x5237          Code  Gb  cmain.o [6]
abort                        0x1afd     0x6  Code  Gb  abort.o [3]
atof                         0x36dd     0x8  Code  Gb  strto64.o [5]
buffer                  0x2000'1430    0x34  Data  Gb  tarefas.o [1]
car_accelerate               0x4061    0x2c  Code  Gb  tarefas.o [1]
car_read_rf                  0x408d    0x54  Code  Gb  tarefas.o [1]
car_sensor_read         0x2000'14b8     0x4  Data  Gb  tarefas.o [1]
car_turn                     0x4009    0x52  Code  Gb  tarefas.o [1]
comm_init                    0x3fd3     0xa  Code  Gb  tarefas.o [1]
comm_read                    0x3ff5    0x14  Code  Gb  tarefas.o [1]
comm_write                   0x3fdd    0x14  Code  Gb  tarefas.o [1]
dmul                         0x31e5    0xd6  Code  Lc  strto64.o [5]
err                     0x2000'14ac     0x4  Data  Gb  tarefas.o [1]
err_i                   0x2000'14b0     0x4  Data  Gb  tarefas.o [1]
err_last                0x2000'14b4     0x4  Data  Gb  tarefas.o [1]
exit                         0x5243     0x4  Code  Gb  exit.o [3]
f                       0x2000'14a8     0x4  Data  Gb  tarefas.o [1]
g_pppui32XTALtoVCO           0x4c0c   0x1b0  Data  Lc  sysctl.o [4]
g_pui32GPIOBaseAddrs         0x4f58    0x90  Data  Lc  gpio.o [4]
g_pui32VCOFrequencies        0x4948     0x8  Data  Lc  sysctl.o [4]
g_pui32Xtals                 0x4fe8    0x6c  Data  Lc  sysctl.o [4]
g_sXTALtoMEMTIM              0x5160    0x30  Data  Lc  sysctl.o [4]
g_ui32Base              0x2000'14bc     0x4  Data  Lc  uartstdio.o [1]
g_ui32UARTBase               0x529c     0xc  Data  Lc  uartstdio.o [1]
g_ui32UARTPeriph             0x52a8     0xc  Data  Lc  uartstdio.o [1]
kd                      0x2000'0008     0x4  Data  Gb  tarefas.o [1]
ki                      0x2000'0004     0x4  Data  Gb  tarefas.o [1]
kp                      0x2000'0000     0x4  Data  Gb  tarefas.o [1]
ldexp                        0x36e5          Code  Gb  ldexp.o [5]
ldexpl                       0x36e5          Code  Gb  ldexp.o [5]
main                         0x3f1d    0x68  Code  Gb  tarefas.o [1]
max_err_i                    0x52d8     0x4  Data  Gb  tarefas.o [1]
memchr                       0x1249          Code  Gb  memchr.o [6]
osDelay                      0x4181    0x38  Code  Gb  rtx_delay.o [2]
osKernelGetState             0x4609    0x40  Code  Gb  rtx_kernel.o [2]
osKernelInitialize           0x45d1    0x38  Code  Gb  rtx_kernel.o [2]
osKernelStart                0x4649    0x34  Code  Gb  rtx_kernel.o [2]
osMessageQueueGet            0x2f39    0x90  Code  Gb  rtx_msgqueue.o [2]
osMessageQueueNew            0x2e61    0x3e  Code  Gb  rtx_msgqueue.o [2]
osMessageQueuePut            0x2ea1    0x98  Code  Gb  rtx_msgqueue.o [2]
osMutexAcquire               0x28b9    0x3e  Code  Gb  rtx_mutex.o [2]
osMutexNew                   0x2881    0x36  Code  Gb  rtx_mutex.o [2]
osMutexRelease               0x28f9    0x3a  Code  Gb  rtx_mutex.o [2]
osRtxConfig                  0x5054    0x68  Data  Gb  rtx_lib.o [1]
osRtxErrorNotify             0x2951    0x20  Code  Wk  RTX_Config.o [1]
osRtxIdleThread              0x1247     0x2  Code  Wk  RTX_Config.o [1]
osRtxInfo               0x2000'000c    0xa4  Data  Gb  rtx_kernel.o [2]
osRtxKernelPreInit           0x4c03     0x2  Code  Gb  rtx_lib.o [1]
osRtxMemoryAlloc             0x2525    0x82  Code  Wk  rtx_memory.o [2]
osRtxMemoryFree              0x25b1    0x4a  Code  Wk  rtx_memory.o [2]
osRtxMemoryInit              0x4b45    0x44  Code  Wk  rtx_memory.o [2]
osRtxMemoryPoolAlloc         0x2489    0x44  Code  Gb  rtx_mempool.o [2]
osRtxMemoryPoolFree          0x24cd    0x56  Code  Gb  rtx_mempool.o [2]
osRtxMemoryPoolInit          0x243d    0x4a  Code  Gb  rtx_mempool.o [2]
osRtxMessageQueuePostProcess
                             0x2a67    0xe6  Code  Lc  rtx_msgqueue.o [2]
osRtxMutexOwnerRelease       0x25fd    0x52  Code  Gb  rtx_mutex.o [2]
osRtxPendSV_Handler          0x3069    0x8a  Code  Gb  rtx_system.o [2]
osRtxPostProcess             0x30f5    0x6e  Code  Gb  rtx_system.o [2]
osRtxThreadBlock             0x1f23    0x34  Code  Lc  rtx_thread.o [2]
osRtxThreadDelayInsert       0x1d7b    0x62  Code  Lc  rtx_thread.o [2]
osRtxThreadDelayRemove       0x1ddd    0x44  Code  Lc  rtx_thread.o [2]
osRtxThreadDelayTick         0x1e21    0xee  Code  Gb  rtx_thread.o [2]
osRtxThreadDispatch          0x1f73    0x54  Code  Gb  rtx_thread.o [2]
osRtxThreadFree              0x2261    0x56  Code  Lc  rtx_thread.o [2]
osRtxThreadListGet           0x1d27    0x14  Code  Gb  rtx_thread.o [2]
osRtxThreadListPut           0x1d05    0x22  Code  Gb  rtx_thread.o [2]
osRtxThreadListRemove        0x1d5d    0x16  Code  Gb  rtx_thread.o [2]
osRtxThreadListSort          0x1d3b    0x22  Code  Gb  rtx_thread.o [2]
osRtxThreadPostProcess       0x203b    0x54  Code  Lc  rtx_thread.o [2]
osRtxThreadReadyPut          0x1d73     0x8  Code  Gb  rtx_thread.o [2]
osRtxThreadRegPtr            0x1f0f    0x14  Code  Gb  rtx_thread.o [2]
osRtxThreadStartup           0x2349    0x30  Code  Gb  rtx_thread.o [2]
osRtxThreadSwitch            0x1f57    0x1c  Code  Gb  rtx_thread.o [2]
osRtxThreadWaitEnter         0x2001    0x3a  Code  Gb  rtx_thread.o [2]
osRtxThreadWaitExit          0x1fcd    0x2e  Code  Gb  rtx_thread.o [2]
osRtxTick_Handler            0x2ff9    0x6e  Code  Gb  rtx_system.o [2]
osRtxTimerThread             0x4e4d    0x44  Code  Wk  rtx_timer.o [2]
osRtxTimerTick               0x4df5    0x54  Code  Lc  rtx_timer.o [2]
osRtxUserSVC                 0x52d4     0x4  Data  Wk  rtx_lib.o [1]
osThreadExit                 0x23c5    0x16  Code  Gb  rtx_thread.o [2]
osThreadNew                  0x237d    0x40  Code  Gb  rtx_thread.o [2]
os_idle_thread_attr          0x50bc    0x24  Data  Lc  rtx_lib.o [1]
os_idle_thread_cb       0x2000'1300    0x44  Data  Lc  rtx_lib.o [1]
os_idle_thread_stack    0x2000'10b0   0x100  Data  Lc  rtx_lib.o [1]
os_isr_queue            0x2000'1388    0x40  Data  Lc  rtx_lib.o [1]
os_mem                  0x2000'00b0  0x1000  Data  Lc  rtx_lib.o [1]
os_timer_mq_attr             0x5284    0x18  Data  Lc  rtx_lib.o [1]
os_timer_mq_cb          0x2000'1464    0x34  Data  Lc  rtx_lib.o [1]
os_timer_mq_data        0x2000'12b0    0x50  Data  Lc  rtx_lib.o [1]
os_timer_thread_attr         0x51b8    0x24  Data  Lc  rtx_lib.o [1]
os_timer_thread_cb      0x2000'1344    0x44  Data  Lc  rtx_lib.o [1]
os_timer_thread_stack   0x2000'11b0   0x100  Data  Lc  rtx_lib.o [1]
pows                         0x50e0    0x48  Data  Lc  strto64.o [5]
read_buffer             0x2000'13fc    0x34  Data  Gb  tarefas.o [1]
scalbln                      0x36e5          Code  Gb  ldexp.o [5]
scalblnl                     0x36e5          Code  Gb  ldexp.o [5]
scalbn                       0x36e5          Code  Gb  ldexp.o [5]
scalbnl                      0x36e5          Code  Gb  ldexp.o [5]
scale                        0x1047    0x46  Code  Lc  xprintflarge_nomb.o [3]
sec_hand                0x2000'14c0     0x4  Data  Lc  xfail_s.o [3]
should_read             0x2000'14c5     0x1  Data  Gb  tarefas.o [1]
should_write            0x2000'14c4     0x1  Data  Gb  tarefas.o [1]
snprintf                     0x43a1    0x44  Code  Gb  snprintf.o [3]
strchr                       0x11a1          Code  Gb  strchr.o [6]
strcpy                       0x4add          Code  Gb  strcpy.o [6]
strlen                       0x1211          Code  Gb  strlen.o [6]
svcRtxDelay                  0x415d    0x24  Code  Lc  rtx_delay.o [2]
svcRtxKernelGetState         0x4527    0x12  Code  Lc  rtx_kernel.o [2]
svcRtxKernelInitialize       0x4411   0x116  Code  Lc  rtx_kernel.o [2]
svcRtxKernelStart            0x4539    0x96  Code  Lc  rtx_kernel.o [2]
svcRtxMessageQueueGet        0x2d51    0xe8  Code  Lc  rtx_msgqueue.o [2]
svcRtxMessageQueueNew        0x2b4d   0x130  Code  Lc  rtx_msgqueue.o [2]
svcRtxMessageQueuePut        0x2c7d    0xd4  Code  Lc  rtx_msgqueue.o [2]
svcRtxMutexAcquire           0x26cd    0xd2  Code  Lc  rtx_mutex.o [2]
svcRtxMutexNew               0x264f    0x7e  Code  Lc  rtx_mutex.o [2]
svcRtxMutexRelease           0x279f    0xd6  Code  Lc  rtx_mutex.o [2]
svcRtxThreadExit             0x22b7    0x8e  Code  Lc  rtx_thread.o [2]
svcRtxThreadNew              0x208f   0x1cc  Code  Lc  rtx_thread.o [2]
thread_controller_id    0x2000'14a0     0x4  Data  Gb  tarefas.o [1]
thread_controller_task       0x3e25    0xf8  Code  Gb  tarefas.o [1]
thread_receiver_id      0x2000'149c     0x4  Data  Gb  tarefas.o [1]
thread_receiver_task         0x3d5d    0xc6  Code  Gb  tarefas.o [1]
thread_sender_id        0x2000'1498     0x4  Data  Gb  tarefas.o [1]
thread_sender_task           0x3d19    0x42  Code  Gb  tarefas.o [1]
uart_init                    0x3f85    0x4e  Code  Gb  tarefas.o [1]
uart_mutex_id           0x2000'14a4     0x4  Data  Gb  tarefas.o [1]
write_buffer            0x2000'13c8    0x34  Data  Gb  tarefas.o [1]


[1] = G:\Meu Drive\utfpr\2021-1\sistemas embarcados\EK-TM4C1294_RTOS_IAR8-master\Projects\tarefas\ewarm\Obj
[2] = RTX_CM.a
[3] = dl7M_tln.a
[4] = driverlib.a
[5] = m7M_tls.a
[6] = rt7M_tl.a
[7] = shb_l.a

  20'074 bytes of readonly  code memory
   1'163 bytes of readonly  data memory
  38'091 bytes of readwrite data memory

Errors: none
Warnings: none
